root@virdande-VirtualBox:~# cd /var/run/kamailio/dispatcher.list
bash: cd: /var/run/kamailio/dispatcher.list: No such file or directory
root@virdande-VirtualBox:~# 
root@virdande-VirtualBox:~# 
root@virdande-VirtualBox:~# loadmodule "dispatcher.so"
loadmodule: command not found
root@virdande-VirtualBox:~# ^C
root@virdande-VirtualBox:~# LoadModule mod_wsgi /usr/lib/apache2/modules/mod_wsgi.so
LoadModule: command not found
root@virdande-VirtualBox:~# case "$0" in
          -sh|sh|*/sh)  modules_shell=sh ;;
       -ksh|ksh|*/ksh)  modules_shell=ksh ;;
       -zsh|zsh|*/zsh)  modules_shell=zsh ;;
    -bash|bash|*/bash)  modules_shell=bash ;;
esac
module() { eval `/usr/Modules/$MODULE_VERSION/bin/modulecmd $modules_shell $*`; }
#module() { eval `/usr/bin/modulecmd $modules_shell $*`; }
root@virdande-VirtualBox:~# 
root@virdande-VirtualBox:~# loadmodule "dispatcher.so"
loadmodule: command not found
root@virdande-VirtualBox:~# 
root@virdande-VirtualBox:~# 
root@virdande-VirtualBox:~# sudo a2enmod rewrite
sudo: a2enmod: command not found
root@virdande-VirtualBox:~# 
root@virdande-VirtualBox:~# sudo service apache2 reload
apache2: unrecognized service
root@virdande-VirtualBox:~# sudo service apache2
apache2: unrecognized service
root@virdande-VirtualBox:~# sudo service 
Usage: service < option > | --status-all | [ service_name [ command | --full-restart ] ]
root@virdande-VirtualBox:~# 


